Reading file ass1.pls ....Please wait

Printing buffer parameters:

The capacity of the buffer is:  335
The current size of the buffer is:  327
The operational mode of the buffer is:   1
The increment factor of the buffer is:  15
The current mark of the buffer is:  327

Printing buffer contents:

Compilers  are  fundamental  to  modern  computing.
They  act  as  translators,  transforming  human-oriented
language  into  computer-oriented  machine-language.
A compiler allows virtually all computer users to
ignore the  machine-dependent  details of machine language.
Isn't that nice?  =:)
  
CST8152
Autumn,  2016ÿ

Printing buffer parameters:

The capacity of the buffer is:  328
The current size of the buffer is:  328
The operational mode of the buffer is:   1
The increment factor of the buffer is:  15
The current mark of the buffer is:  327

Printing buffer contents:


